2025-06-27 15:12:11,180 [INFO]CAMERA_INTERFACE_dummy_cam_1 Starting Camera Interface for 'dummy_cam_1'...
2025-06-27 15:12:11,188 [INFO]CAMERA_INTERFACE_dummy_cam_1 Connected to ring buffers: camera_color1_dummy_cam_1, camera_depth1_dummy_cam_1, camera_color2_dummy_cam_1, camera_depth2_dummy_cam_1
2025-06-27 15:12:11,188 [INFO]CAMERA_INTERFACE_dummy_cam_1 Dummy CameraInterface initialized for 'dummy_cam_1' (SN: DUMMY_001)
2025-06-27 15:12:11,188 [INFO]CAMERA_INTERFACE_dummy_cam_1 Attempting to initialize dummy camera 'dummy_cam_1' (attempt 1/3)
2025-06-27 15:12:11,688 [INFO]CAMERA_INTERFACE_dummy_cam_1 Dummy camera 'dummy_cam_1' initialized successfully
2025-06-27 15:12:11,689 [INFO]CAMERA_INTERFACE_dummy_cam_1 Sent response: {'type': 'RESP', 'interface': 'CAMERA_INTERFACE', 'message': 'initialization', 'camera_name': 'dummy_cam_1', 'error': 'None'}
2025-06-27 15:12:11,853 [INFO]CAMERA_INTERFACE_dummy_cam_1 Received message: {'type': 'CMD', 'message': 'record_episodes', 'dataset_name': '20250627_151209', 'recording_speed': 0.5, 'interface': 'CAMERA_INTERFACE'}
2025-06-27 15:12:11,854 [INFO]CAMERA_INTERFACE_dummy_cam_1 Starting capture loop for dummy camera 'dummy_cam_1'
2025-06-27 15:12:11,854 [INFO]CAMERA_INTERFACE_dummy_cam_1 Started capture thread for dummy camera 'dummy_cam_1'
2025-06-27 15:12:11,854 [INFO]CAMERA_INTERFACE_dummy_cam_1 Recording episodes started for dummy camera 'dummy_cam_1'
2025-06-27 15:12:11,854 [INFO]CAMERA_INTERFACE_dummy_cam_1 Sent response: {'type': 'RESP', 'interface': 'CAMERA_INTERFACE', 'message': 'record_episodes', 'camera_name': 'dummy_cam_1', 'error': 'None'}
2025-06-27 15:12:26,701 [INFO]CAMERA_INTERFACE_dummy_cam_1 Received message: {'type': 'CMD', 'interface': 'CAMERA_INTERFACE', 'message': 'stop'}
2025-06-27 15:12:26,701 [INFO]CAMERA_INTERFACE_dummy_cam_1 Received stop command for camera 'dummy_cam_1'
2025-06-27 15:12:26,701 [INFO]CAMERA_INTERFACE_dummy_cam_1 Stopping dummy camera interface for 'dummy_cam_1'
2025-06-27 15:12:26,721 [INFO]CAMERA_INTERFACE_dummy_cam_1 Stopped capture for dummy camera 'dummy_cam_1'
2025-06-27 15:12:26,721 [INFO]CAMERA_INTERFACE_dummy_cam_1 Cleaning up dummy camera 'dummy_cam_1'
2025-06-27 15:12:26,721 [INFO]CAMERA_INTERFACE_dummy_cam_1 Stopped capture for dummy camera 'dummy_cam_1'
2025-06-27 15:12:26,722 [INFO]CAMERA_INTERFACE_dummy_cam_1 Stopped policy capture for dummy camera 'dummy_cam_1'
2025-06-27 15:12:26,734 [INFO]CAMERA_INTERFACE_dummy_cam_1 Color buffer closed for dummy camera 'dummy_cam_1'
2025-06-27 15:12:26,740 [INFO]CAMERA_INTERFACE_dummy_cam_1 Depth buffer closed for dummy camera 'dummy_cam_1'
2025-06-27 15:12:26,740 [INFO]CAMERA_INTERFACE_dummy_cam_1 Color buffer2 closed for dummy camera 'dummy_cam_1'
2025-06-27 15:12:26,740 [INFO]CAMERA_INTERFACE_dummy_cam_1 Depth buffer2 closed for dummy camera 'dummy_cam_1'
2025-06-27 15:12:26,740 [INFO]CAMERA_INTERFACE_dummy_cam_1 Dummy camera 'dummy_cam_1' cleanup completed
2025-06-27 15:12:26,740 [INFO]CAMERA_INTERFACE_dummy_cam_1 Dummy camera interface for 'dummy_cam_1' stopped successfully
2025-06-27 15:12:26,740 [INFO]CAMERA_INTERFACE_dummy_cam_1 Sent response: {'type': 'RESP', 'interface': 'CAMERA_INTERFACE', 'message': 'stop', 'camera_name': 'dummy_cam_1', 'error': 'None'}
2025-06-27 15:12:26,740 [INFO]CAMERA_INTERFACE_dummy_cam_1 Camera Interface for 'dummy_cam_1' shutting down...
2025-06-27 15:17:11,122 [INFO]CAMERA_INTERFACE_dummy_cam_1 Starting Camera Interface for 'dummy_cam_1'...
2025-06-27 15:17:11,131 [INFO]CAMERA_INTERFACE_dummy_cam_1 Connected to ring buffers: camera_color1_dummy_cam_1, camera_depth1_dummy_cam_1, camera_color2_dummy_cam_1, camera_depth2_dummy_cam_1
2025-06-27 15:17:11,131 [INFO]CAMERA_INTERFACE_dummy_cam_1 Dummy CameraInterface initialized for 'dummy_cam_1' (SN: DUMMY_001)
2025-06-27 15:17:11,131 [INFO]CAMERA_INTERFACE_dummy_cam_1 Attempting to initialize dummy camera 'dummy_cam_1' (attempt 1/3)
2025-06-27 15:17:11,632 [INFO]CAMERA_INTERFACE_dummy_cam_1 Dummy camera 'dummy_cam_1' initialized successfully
2025-06-27 15:17:11,632 [INFO]CAMERA_INTERFACE_dummy_cam_1 Sent response: {'type': 'RESP', 'interface': 'CAMERA_INTERFACE', 'message': 'initialization', 'camera_name': 'dummy_cam_1', 'error': 'None'}
2025-06-27 15:17:11,791 [INFO]CAMERA_INTERFACE_dummy_cam_1 Received message: {'type': 'CMD', 'message': 'record_episodes', 'dataset_name': '20250627_151710', 'recording_speed': 0.5, 'interface': 'CAMERA_INTERFACE'}
2025-06-27 15:17:11,791 [INFO]CAMERA_INTERFACE_dummy_cam_1 Starting capture loop for dummy camera 'dummy_cam_1'
2025-06-27 15:17:11,791 [INFO]CAMERA_INTERFACE_dummy_cam_1 Started capture thread for dummy camera 'dummy_cam_1'
2025-06-27 15:17:11,791 [INFO]CAMERA_INTERFACE_dummy_cam_1 Recording episodes started for dummy camera 'dummy_cam_1'
2025-06-27 15:17:11,791 [INFO]CAMERA_INTERFACE_dummy_cam_1 Sent response: {'type': 'RESP', 'interface': 'CAMERA_INTERFACE', 'message': 'record_episodes', 'camera_name': 'dummy_cam_1', 'error': 'None'}
2025-06-27 15:17:26,219 [INFO]CAMERA_INTERFACE_dummy_cam_1 Received message: {'type': 'CMD', 'interface': 'CAMERA_INTERFACE', 'message': 'stop'}
2025-06-27 15:17:26,219 [INFO]CAMERA_INTERFACE_dummy_cam_1 Received stop command for camera 'dummy_cam_1'
2025-06-27 15:17:26,219 [INFO]CAMERA_INTERFACE_dummy_cam_1 Stopping dummy camera interface for 'dummy_cam_1'
2025-06-27 15:17:26,237 [INFO]CAMERA_INTERFACE_dummy_cam_1 Stopped capture for dummy camera 'dummy_cam_1'
2025-06-27 15:17:26,237 [INFO]CAMERA_INTERFACE_dummy_cam_1 Cleaning up dummy camera 'dummy_cam_1'
2025-06-27 15:17:26,237 [INFO]CAMERA_INTERFACE_dummy_cam_1 Stopped capture for dummy camera 'dummy_cam_1'
2025-06-27 15:17:26,237 [INFO]CAMERA_INTERFACE_dummy_cam_1 Stopped policy capture for dummy camera 'dummy_cam_1'
2025-06-27 15:17:26,250 [INFO]CAMERA_INTERFACE_dummy_cam_1 Color buffer closed for dummy camera 'dummy_cam_1'
2025-06-27 15:17:26,256 [INFO]CAMERA_INTERFACE_dummy_cam_1 Depth buffer closed for dummy camera 'dummy_cam_1'
2025-06-27 15:17:26,256 [INFO]CAMERA_INTERFACE_dummy_cam_1 Color buffer2 closed for dummy camera 'dummy_cam_1'
2025-06-27 15:17:26,256 [INFO]CAMERA_INTERFACE_dummy_cam_1 Depth buffer2 closed for dummy camera 'dummy_cam_1'
2025-06-27 15:17:26,256 [INFO]CAMERA_INTERFACE_dummy_cam_1 Dummy camera 'dummy_cam_1' cleanup completed
2025-06-27 15:17:26,256 [INFO]CAMERA_INTERFACE_dummy_cam_1 Dummy camera interface for 'dummy_cam_1' stopped successfully
2025-06-27 15:17:26,256 [INFO]CAMERA_INTERFACE_dummy_cam_1 Sent response: {'type': 'RESP', 'interface': 'CAMERA_INTERFACE', 'message': 'stop', 'camera_name': 'dummy_cam_1', 'error': 'None'}
2025-06-27 15:17:26,256 [INFO]CAMERA_INTERFACE_dummy_cam_1 Camera Interface for 'dummy_cam_1' shutting down...
2025-06-30 09:46:23,830 [INFO]CAMERA_INTERFACE_dummy_cam_1 Starting Camera Interface for 'dummy_cam_1'...
2025-06-30 09:46:23,840 [INFO]CAMERA_INTERFACE_dummy_cam_1 Connected to ring buffers: camera_color1_dummy_cam_1, camera_depth1_dummy_cam_1, camera_color2_dummy_cam_1, camera_depth2_dummy_cam_1
2025-06-30 09:46:23,840 [INFO]CAMERA_INTERFACE_dummy_cam_1 Dummy CameraInterface initialized for 'dummy_cam_1' (SN: DUMMY_001)
2025-06-30 09:46:23,841 [INFO]CAMERA_INTERFACE_dummy_cam_1 Attempting to initialize dummy camera 'dummy_cam_1' (attempt 1/3)
2025-06-30 09:46:24,341 [INFO]CAMERA_INTERFACE_dummy_cam_1 Dummy camera 'dummy_cam_1' initialized successfully
2025-06-30 09:46:24,342 [INFO]CAMERA_INTERFACE_dummy_cam_1 Sent response: {'type': 'RESP', 'interface': 'CAMERA_INTERFACE', 'message': 'initialization', 'camera_name': 'dummy_cam_1', 'error': 'None'}
2025-06-30 09:46:24,495 [INFO]CAMERA_INTERFACE_dummy_cam_1 Received message: {'type': 'CMD', 'message': 'record_episodes', 'dataset_name': '20250630_094622', 'recording_speed': 0.5, 'interface': 'CAMERA_INTERFACE'}
2025-06-30 09:46:24,495 [INFO]CAMERA_INTERFACE_dummy_cam_1 Starting capture loop for dummy camera 'dummy_cam_1'
2025-06-30 09:46:24,495 [INFO]CAMERA_INTERFACE_dummy_cam_1 Started capture thread for dummy camera 'dummy_cam_1'
2025-06-30 09:46:24,495 [INFO]CAMERA_INTERFACE_dummy_cam_1 Recording episodes started for dummy camera 'dummy_cam_1'
2025-06-30 09:46:24,495 [INFO]CAMERA_INTERFACE_dummy_cam_1 Sent response: {'type': 'RESP', 'interface': 'CAMERA_INTERFACE', 'message': 'record_episodes', 'camera_name': 'dummy_cam_1', 'error': 'None'}
2025-06-30 09:46:42,508 [INFO]CAMERA_INTERFACE_dummy_cam_1 Received message: {'type': 'CMD', 'interface': 'CAMERA_INTERFACE', 'message': 'stop'}
2025-06-30 09:46:42,508 [INFO]CAMERA_INTERFACE_dummy_cam_1 Received stop command for camera 'dummy_cam_1'
2025-06-30 09:46:42,508 [INFO]CAMERA_INTERFACE_dummy_cam_1 Stopping dummy camera interface for 'dummy_cam_1'
2025-06-30 09:46:42,530 [INFO]CAMERA_INTERFACE_dummy_cam_1 Stopped capture for dummy camera 'dummy_cam_1'
2025-06-30 09:46:42,530 [INFO]CAMERA_INTERFACE_dummy_cam_1 Cleaning up dummy camera 'dummy_cam_1'
2025-06-30 09:46:42,530 [INFO]CAMERA_INTERFACE_dummy_cam_1 Stopped capture for dummy camera 'dummy_cam_1'
2025-06-30 09:46:42,530 [INFO]CAMERA_INTERFACE_dummy_cam_1 Stopped policy capture for dummy camera 'dummy_cam_1'
2025-06-30 09:46:42,549 [INFO]CAMERA_INTERFACE_dummy_cam_1 Color buffer closed for dummy camera 'dummy_cam_1'
2025-06-30 09:46:42,559 [INFO]CAMERA_INTERFACE_dummy_cam_1 Depth buffer closed for dummy camera 'dummy_cam_1'
2025-06-30 09:46:42,559 [INFO]CAMERA_INTERFACE_dummy_cam_1 Color buffer2 closed for dummy camera 'dummy_cam_1'
2025-06-30 09:46:42,559 [INFO]CAMERA_INTERFACE_dummy_cam_1 Depth buffer2 closed for dummy camera 'dummy_cam_1'
2025-06-30 09:46:42,559 [INFO]CAMERA_INTERFACE_dummy_cam_1 Dummy camera 'dummy_cam_1' cleanup completed
2025-06-30 09:46:42,559 [INFO]CAMERA_INTERFACE_dummy_cam_1 Dummy camera interface for 'dummy_cam_1' stopped successfully
2025-06-30 09:46:42,559 [INFO]CAMERA_INTERFACE_dummy_cam_1 Sent response: {'type': 'RESP', 'interface': 'CAMERA_INTERFACE', 'message': 'stop', 'camera_name': 'dummy_cam_1', 'error': 'None'}
2025-06-30 09:46:42,559 [INFO]CAMERA_INTERFACE_dummy_cam_1 Camera Interface for 'dummy_cam_1' shutting down...
