2025-06-27 15:12:11,720 [INFO]SAVE_INTERFACE Starting Save Interface…
2025-06-27 15:12:11,727 [INFO]SAVE_INTERFACE SaveInterface created.
2025-06-27 15:12:11,728 [INFO]SAVE_INTERFACE Preparing to send response: {'interface': 'SAVE_INTERFACE', 'message': 'initialization', 'type': 'RESP', 'error': 'None'}
2025-06-27 15:12:11,728 [INFO]SAVE_INTERFACE Sent response: {'interface': 'SAVE_INTERFACE', 'message': 'initialization', 'type': 'RESP', 'error': 'None'}
2025-06-27 15:12:11,852 [INFO]SAVE_INTERFACE Received message: {'type': 'CMD', 'message': 'record_episodes', 'dataset_name': '20250627_151209', 'recording_speed': 0.5, 'interface': 'SAVE_INTERFACE'}
2025-06-27 15:12:11,852 [INFO]SAVE_INTERFACE record_episodes invoked...
2025-06-27 15:12:11,853 [INFO]SAVE_INTERFACE Created directory: /home/teun/tos_app_data/20250627_151209
2025-06-27 15:12:11,853 [INFO]SAVE_INTERFACE Starting image recording loop...
2025-06-27 15:12:11,853 [INFO]SAVE_INTERFACE record_episodes successful, recording started.
2025-06-27 15:12:11,853 [INFO]SAVE_INTERFACE Recording episode: episode_0.hdf5
2025-06-27 15:12:11,853 [INFO]SAVE_INTERFACE Preparing to send response: {'type': 'RESP', 'message': 'record_episodes', 'dataset_name': '20250627_151209', 'recording_speed': 0.5, 'interface': 'SAVE_INTERFACE', 'error': 'None'}
2025-06-27 15:12:11,853 [INFO]SAVE_INTERFACE Sent response: {'type': 'RESP', 'message': 'record_episodes', 'dataset_name': '20250627_151209', 'recording_speed': 0.5, 'interface': 'SAVE_INTERFACE', 'error': 'None'}
2025-06-27 15:12:17,773 [INFO]SAVE_INTERFACE Collected joint data for episode 0
2025-06-27 15:12:18,542 [DEBUG]SAVE_INTERFACE Creating converter from 5 to 3
2025-06-27 15:12:18,620 [INFO]SAVE_INTERFACE Successfully saved episode 0 to /home/teun/tos_app_data/20250627_151209/episode_0.hdf5
2025-06-27 15:12:18,621 [INFO]SAVE_INTERFACE Recording episode: episode_1.hdf5
2025-06-27 15:12:23,396 [INFO]SAVE_INTERFACE Collected joint data for episode 1
2025-06-27 15:12:24,882 [INFO]SAVE_INTERFACE Successfully saved episode 1 to /home/teun/tos_app_data/20250627_151209/episode_1.hdf5
2025-06-27 15:12:24,888 [INFO]SAVE_INTERFACE Recording episode: episode_2.hdf5
2025-06-27 15:12:25,716 [INFO]SAVE_INTERFACE Received message: {'type': 'CMD', 'interface': 'SAVE_INTERFACE', 'message': 'stop'}
2025-06-27 15:12:25,716 [INFO]SAVE_INTERFACE Disconnect invoked...
2025-06-27 15:12:25,716 [INFO]SAVE_INTERFACE Recording status: True
2025-06-27 15:12:26,686 [ERROR]SAVE_INTERFACE Error during recording loop: 
2025-06-27 15:12:26,686 [INFO]SAVE_INTERFACE Image recording loop ended.
2025-06-27 15:12:26,687 [WARNING]SAVE_INTERFACE No data recorded, nothing to save.
2025-06-27 15:12:26,687 [INFO]SAVE_INTERFACE Disconnect completed.
2025-06-27 15:12:26,687 [INFO]SAVE_INTERFACE Preparing to send response: {'type': 'RESP', 'interface': 'SAVE_INTERFACE', 'message': 'stop', 'error': 'None'}
2025-06-27 15:12:26,687 [INFO]SAVE_INTERFACE Sent response: {'type': 'RESP', 'interface': 'SAVE_INTERFACE', 'message': 'stop', 'error': 'None'}
2025-06-27 15:17:11,663 [INFO]SAVE_INTERFACE Starting Save Interface…
2025-06-27 15:17:11,672 [INFO]SAVE_INTERFACE SaveInterface created.
2025-06-27 15:17:11,672 [INFO]SAVE_INTERFACE Preparing to send response: {'interface': 'SAVE_INTERFACE', 'message': 'initialization', 'type': 'RESP', 'error': 'None'}
2025-06-27 15:17:11,672 [INFO]SAVE_INTERFACE Sent response: {'interface': 'SAVE_INTERFACE', 'message': 'initialization', 'type': 'RESP', 'error': 'None'}
2025-06-27 15:17:11,791 [INFO]SAVE_INTERFACE Received message: {'type': 'CMD', 'message': 'record_episodes', 'dataset_name': '20250627_151710', 'recording_speed': 0.5, 'interface': 'SAVE_INTERFACE'}
2025-06-27 15:17:11,791 [INFO]SAVE_INTERFACE record_episodes invoked...
2025-06-27 15:17:11,791 [INFO]SAVE_INTERFACE Created directory: /home/teun/tos_app_data/20250627_151710
2025-06-27 15:17:11,792 [INFO]SAVE_INTERFACE Starting image recording loop...
2025-06-27 15:17:11,792 [INFO]SAVE_INTERFACE record_episodes successful, recording started.
2025-06-27 15:17:11,792 [INFO]SAVE_INTERFACE Recording episode: episode_0.hdf5
2025-06-27 15:17:11,792 [INFO]SAVE_INTERFACE Preparing to send response: {'type': 'RESP', 'message': 'record_episodes', 'dataset_name': '20250627_151710', 'recording_speed': 0.5, 'interface': 'SAVE_INTERFACE', 'error': 'None'}
2025-06-27 15:17:11,792 [INFO]SAVE_INTERFACE Sent response: {'type': 'RESP', 'message': 'record_episodes', 'dataset_name': '20250627_151710', 'recording_speed': 0.5, 'interface': 'SAVE_INTERFACE', 'error': 'None'}
2025-06-27 15:17:17,173 [INFO]SAVE_INTERFACE Collected joint data for episode 0
2025-06-27 15:17:17,952 [DEBUG]SAVE_INTERFACE Creating converter from 5 to 3
2025-06-27 15:17:18,029 [INFO]SAVE_INTERFACE Successfully saved episode 0 to /home/teun/tos_app_data/20250627_151710/episode_0.hdf5
2025-06-27 15:17:18,031 [INFO]SAVE_INTERFACE Recording episode: episode_1.hdf5
2025-06-27 15:17:22,315 [INFO]SAVE_INTERFACE Collected joint data for episode 1
2025-06-27 15:17:23,651 [INFO]SAVE_INTERFACE Successfully saved episode 1 to /home/teun/tos_app_data/20250627_151710/episode_1.hdf5
2025-06-27 15:17:23,652 [INFO]SAVE_INTERFACE Recording episode: episode_2.hdf5
2025-06-27 15:17:25,231 [INFO]SAVE_INTERFACE Received message: {'type': 'CMD', 'interface': 'SAVE_INTERFACE', 'message': 'stop'}
2025-06-27 15:17:25,231 [INFO]SAVE_INTERFACE Disconnect invoked...
2025-06-27 15:17:25,231 [INFO]SAVE_INTERFACE Recording status: True
2025-06-27 15:17:26,200 [ERROR]SAVE_INTERFACE Error during recording loop: 
2025-06-27 15:17:26,200 [INFO]SAVE_INTERFACE Image recording loop ended.
2025-06-27 15:17:26,201 [WARNING]SAVE_INTERFACE No data recorded, nothing to save.
2025-06-27 15:17:26,202 [INFO]SAVE_INTERFACE Disconnect completed.
2025-06-27 15:17:26,202 [INFO]SAVE_INTERFACE Preparing to send response: {'type': 'RESP', 'interface': 'SAVE_INTERFACE', 'message': 'stop', 'error': 'None'}
2025-06-27 15:17:26,202 [INFO]SAVE_INTERFACE Sent response: {'type': 'RESP', 'interface': 'SAVE_INTERFACE', 'message': 'stop', 'error': 'None'}
2025-06-30 09:46:24,374 [INFO]SAVE_INTERFACE Starting Save Interface…
2025-06-30 09:46:24,382 [INFO]SAVE_INTERFACE SaveInterface created.
2025-06-30 09:46:24,382 [INFO]SAVE_INTERFACE Preparing to send response: {'interface': 'SAVE_INTERFACE', 'message': 'initialization', 'type': 'RESP', 'error': 'None'}
2025-06-30 09:46:24,382 [INFO]SAVE_INTERFACE Sent response: {'interface': 'SAVE_INTERFACE', 'message': 'initialization', 'type': 'RESP', 'error': 'None'}
2025-06-30 09:46:24,496 [INFO]SAVE_INTERFACE Received message: {'type': 'CMD', 'message': 'record_episodes', 'dataset_name': '20250630_094622', 'recording_speed': 0.5, 'interface': 'SAVE_INTERFACE'}
2025-06-30 09:46:24,496 [INFO]SAVE_INTERFACE record_episodes invoked...
2025-06-30 09:46:24,496 [INFO]SAVE_INTERFACE Created directory: /home/teun/tos_app_data/20250630_094622
2025-06-30 09:46:24,496 [INFO]SAVE_INTERFACE Starting image recording loop...
2025-06-30 09:46:24,496 [INFO]SAVE_INTERFACE record_episodes successful, recording started.
2025-06-30 09:46:24,496 [INFO]SAVE_INTERFACE Recording episode: episode_0.hdf5
2025-06-30 09:46:24,497 [INFO]SAVE_INTERFACE Preparing to send response: {'type': 'RESP', 'message': 'record_episodes', 'dataset_name': '20250630_094622', 'recording_speed': 0.5, 'interface': 'SAVE_INTERFACE', 'error': 'None'}
2025-06-30 09:46:24,497 [INFO]SAVE_INTERFACE Sent response: {'type': 'RESP', 'message': 'record_episodes', 'dataset_name': '20250630_094622', 'recording_speed': 0.5, 'interface': 'SAVE_INTERFACE', 'error': 'None'}
2025-06-30 09:46:29,869 [INFO]SAVE_INTERFACE Collected joint data for episode 0
2025-06-30 09:46:30,682 [DEBUG]SAVE_INTERFACE Creating converter from 5 to 3
2025-06-30 09:46:30,760 [INFO]SAVE_INTERFACE Successfully saved episode 0 to /home/teun/tos_app_data/20250630_094622/episode_0.hdf5
2025-06-30 09:46:30,761 [INFO]SAVE_INTERFACE Recording episode: episode_1.hdf5
2025-06-30 09:46:35,037 [INFO]SAVE_INTERFACE Collected joint data for episode 1
2025-06-30 09:46:35,888 [INFO]SAVE_INTERFACE Successfully saved episode 1 to /home/teun/tos_app_data/20250630_094622/episode_1.hdf5
2025-06-30 09:46:35,890 [INFO]SAVE_INTERFACE Recording episode: episode_2.hdf5
2025-06-30 09:46:40,206 [INFO]SAVE_INTERFACE Collected joint data for episode 2
2025-06-30 09:46:40,966 [INFO]SAVE_INTERFACE Successfully saved episode 2 to /home/teun/tos_app_data/20250630_094622/episode_2.hdf5
2025-06-30 09:46:40,967 [INFO]SAVE_INTERFACE Recording episode: episode_3.hdf5
2025-06-30 09:46:41,539 [INFO]SAVE_INTERFACE Received message: {'type': 'CMD', 'interface': 'SAVE_INTERFACE', 'message': 'stop'}
2025-06-30 09:46:41,539 [INFO]SAVE_INTERFACE Disconnect invoked...
2025-06-30 09:46:41,539 [INFO]SAVE_INTERFACE Recording status: True
2025-06-30 09:46:42,491 [ERROR]SAVE_INTERFACE Error during recording loop: 
2025-06-30 09:46:42,491 [INFO]SAVE_INTERFACE Image recording loop ended.
2025-06-30 09:46:42,494 [WARNING]SAVE_INTERFACE No data recorded, nothing to save.
2025-06-30 09:46:42,494 [INFO]SAVE_INTERFACE Disconnect completed.
2025-06-30 09:46:42,494 [INFO]SAVE_INTERFACE Preparing to send response: {'type': 'RESP', 'interface': 'SAVE_INTERFACE', 'message': 'stop', 'error': 'None'}
2025-06-30 09:46:42,494 [INFO]SAVE_INTERFACE Sent response: {'type': 'RESP', 'interface': 'SAVE_INTERFACE', 'message': 'stop', 'error': 'None'}
